start 17:30:10Z
### fetch phase (network on: model weights only)
[fetch] OK   tiny.en (faster-whisper)
[fetch] OK   base.en (faster-whisper)
[fetch] OK   small.en (faster-whisper)
[fetch] OK   medium.en (faster-whisper)
[fetch] OK   large-v3 (faster-whisper)
[0;93m2026-08-23 17:30:16.024586031 [W:onnxruntime:Default, device_discovery.cc:134 GetPciBusId] Skipping pci_bus_id for PCI path at "/sys/devices/LNXSYSTM:00/LNXSYBUS:00/ACPI0004:00/MSFT1000:00/5620e0c7-8062-4dce-aeb7-520c7ef76171" because filename "5620e0c7-8062-4dce-aeb7-520c7ef76171" did not match expected pattern of [0-9a-f]+:[0-9a-f]+:[0-9a-f]+[.][0-9a-f]+[m
[fetch] OK   parakeet-tdt-0.6b-v2 (parakeet)
[fetch] OK   moonshine/tiny (moonshine)
[fetch] OK   moonshine/base (moonshine)
### matrix phase. load:  17:30:17 up  3:31,  5 users,  load average: 7.43, 6.56, 7.39
[wer] loading tiny.en (engine=faster-whisper) ...
  tiny.en: 25/200
  tiny.en: 50/200
  tiny.en: 75/200
  tiny.en: 100/200
  tiny.en: 125/200
  tiny.en: 150/200
  tiny.en: 175/200
  tiny.en: 200/200
[wer] tiny.en: WER=4.95% (95% CI 4.04-5.93)  RTF median=0.053 (~19.0x realtime)  load=1.18s
[wer] loading base.en (engine=faster-whisper) ...
  base.en: 25/200
  base.en: 50/200
  base.en: 75/200
  base.en: 100/200
  base.en: 125/200
  base.en: 150/200
  base.en: 175/200
  base.en: 200/200
[wer] base.en: WER=4.01% (95% CI 3.21-4.87)  RTF median=0.082 (~12.2x realtime)  load=0.25s
[wer] loading small.en (engine=faster-whisper) ...
  small.en: 25/200
  small.en: 50/200
  small.en: 75/200
  small.en: 100/200
  small.en: 125/200
  small.en: 150/200
  small.en: 175/200
  small.en: 200/200
[wer] small.en: WER=2.66% (95% CI 2.05-3.28)  RTF median=0.2 (~5.0x realtime)  load=0.61s
[wer] loading medium.en (engine=faster-whisper) ...
  medium.en: 25/200
  medium.en: 50/200
  medium.en: 75/200
  medium.en: 100/200
  medium.en: 125/200
  medium.en: 150/200
  medium.en: 175/200
  medium.en: 200/200
[wer] medium.en: WER=3.28% (95% CI 2.09-5.01)  RTF median=0.499 (~2.0x realtime)  load=1.55s
[wer] loading large-v3 (engine=faster-whisper) ...
  large-v3: 25/200
  large-v3: 50/200
  large-v3: 75/200
  large-v3: 100/200
  large-v3: 125/200
  large-v3: 150/200
  large-v3: 175/200
  large-v3: 200/200
[wer] large-v3: WER=3.41% (95% CI 1.98-5.47)  RTF median=0.896 (~1.1x realtime)  load=2.74s
[wer] loading parakeet-tdt-0.6b-v2 (engine=parakeet) ...
[0;93m2026-08-23 18:26:47.055588543 [W:onnxruntime:Default, device_discovery.cc:134 GetPciBusId] Skipping pci_bus_id for PCI path at "/sys/devices/LNXSYSTM:00/LNXSYBUS:00/ACPI0004:00/MSFT1000:00/5620e0c7-8062-4dce-aeb7-520c7ef76171" because filename "5620e0c7-8062-4dce-aeb7-520c7ef76171" did not match expected pattern of [0-9a-f]+:[0-9a-f]+:[0-9a-f]+[.][0-9a-f]+[m
  parakeet-tdt-0.6b-v2: 25/200
  parakeet-tdt-0.6b-v2: 50/200
  parakeet-tdt-0.6b-v2: 75/200
  parakeet-tdt-0.6b-v2: 100/200
  parakeet-tdt-0.6b-v2: 125/200
  parakeet-tdt-0.6b-v2: 150/200
  parakeet-tdt-0.6b-v2: 175/200
  parakeet-tdt-0.6b-v2: 200/200
[wer] parakeet-tdt-0.6b-v2: WER=2.06% (95% CI 1.54-2.68)  RTF median=0.112 (~8.9x realtime)  load=1.56s
[wer] loading moonshine/tiny (engine=moonshine) ...
  moonshine/tiny: 25/200
  moonshine/tiny: 50/200
  moonshine/tiny: 75/200
  moonshine/tiny: 100/200
  moonshine/tiny: 125/200
  moonshine/tiny: 150/200
  moonshine/tiny: 175/200
  moonshine/tiny: 200/200
[wer] moonshine/tiny: WER=4.2% (95% CI 3.42-5.06)  RTF median=0.036 (~27.7x realtime)  load=0.03s
[wer] loading moonshine/base (engine=moonshine) ...
  moonshine/base: 25/200
  moonshine/base: 50/200
  moonshine/base: 75/200
  moonshine/base: 100/200
  moonshine/base: 125/200
  moonshine/base: 150/200
  moonshine/base: 175/200
  moonshine/base: 200/200
[wer] moonshine/base: WER=3.17% (95% CI 2.49-4.02)  RTF median=0.064 (~15.7x realtime)  load=0.01s
### WER_MATRIX_DONE 18:32:45Z
