........................................................................ [  0%]
........................................................................ [  1%]
........................................................................ [  1%]
........................................................................ [  2%]
........................................................................ [  2%]
........................................................................ [  3%]
........................................................................ [  4%]
........................................................................ [  4%]
........................................................................ [  5%]
........................................................................ [  5%]
........................................................................ [  6%]
........................................................................ [  7%]
........................................................................ [  7%]
........................................................................ [  8%]
........................................................................ [  8%]
........................................................................ [  9%]
........................................................................ [ 10%]
........................................................................ [ 10%]
........................................................................ [ 11%]
........................................................................ [ 11%]
........................................................................ [ 12%]
........................................................................ [ 13%]
........................................................................ [ 13%]
........................................................................ [ 14%]
........................................................................ [ 14%]
........................................................................ [ 15%]
.......................................s................................ [ 16%]
........................................................................ [ 16%]
........................................................................ [ 17%]
........................................................................ [ 17%]
........................................................................ [ 18%]
........................................................................ [ 19%]
........................................................................ [ 19%]
........................................................................ [ 20%]
........................................................................ [ 20%]
........................................................................ [ 21%]
........................................................................ [ 22%]
...................................................sss.................. [ 22%]
...................sssss.ss.s.sssss.sssss............................... [ 23%]
........................................................................ [ 23%]
........................................................................ [ 24%]
........................................................................ [ 25%]
........................................................................ [ 25%]
........................................................................ [ 26%]
........................................................................ [ 26%]
........................................................................ [ 27%]
........................................................................ [ 28%]
........................................................................ [ 28%]
........................................................................ [ 29%]
........................................................................ [ 29%]
........................................................................ [ 30%]
........................................................................ [ 31%]
........................................................................ [ 31%]
........................................................................ [ 32%]
........................................................................ [ 32%]
........................................................................ [ 33%]
........................................................................ [ 33%]
........................................................................ [ 34%]
........................................................................ [ 35%]
........................................................................ [ 35%]
........................................................................ [ 36%]
........................................................................ [ 36%]
........................................................................ [ 37%]
........................................................................ [ 38%]
........................................................................ [ 38%]
........................................................................ [ 39%]
........................................................................ [ 39%]
........................................................................ [ 40%]
........................................................................ [ 41%]
........................................................................ [ 41%]
........................................................................ [ 42%]
........................................................................ [ 42%]
........................................................................ [ 43%]
........................................................................ [ 44%]
........................................................................ [ 44%]
........................................................................ [ 45%]
........................................................................ [ 45%]
........................................................................ [ 46%]
........................................................................ [ 47%]
........................................................................ [ 47%]
........................................................................ [ 48%]
........................................................................ [ 48%]
........................................................................ [ 49%]
........................................................................ [ 50%]
........................................................................ [ 50%]
........................................................................ [ 51%]
........................................................................ [ 51%]
...................................................................sssss [ 52%]
ss...................................................................... [ 53%]
........................................................................ [ 53%]
........................................................................ [ 54%]
........................................................................ [ 54%]
........................................................................ [ 55%]
........................................................................ [ 56%]
........................................................................ [ 56%]
........................................................................ [ 57%]
.......................................................s................ [ 57%]
........................................................................ [ 58%]
........................................................................ [ 59%]
........................................................................ [ 59%]
........................................................................ [ 60%]
........................................................................ [ 60%]
........................................................................ [ 61%]
........................................................................ [ 62%]
........................................................................ [ 62%]
........................................................................ [ 63%]
........................................................................ [ 63%]
........................................................................ [ 64%]
........................................................................ [ 65%]
........................................................................ [ 65%]
........................................................................ [ 66%]
........................................................................ [ 66%]
........................................................................ [ 67%]
........................................................................ [ 67%]
........................................................................ [ 68%]
........................................................................ [ 69%]
........................................................................ [ 69%]
........................................................................ [ 70%]
........................................................................ [ 70%]
........................................................................ [ 71%]
........................................................................ [ 72%]
........................................................................ [ 72%]
........................................................................ [ 73%]
........................................................................ [ 73%]
........................................................................ [ 74%]
........................................................................ [ 75%]
........................................................................ [ 75%]
........................................................................ [ 76%]
........................................................................ [ 76%]
........................................................................ [ 77%]
........................................................................ [ 78%]
........................................................................ [ 78%]
........................................................................ [ 79%]
........................................................................ [ 79%]
........................................................................ [ 80%]
........................................................................ [ 81%]
........................................................................ [ 81%]
........................................................................ [ 82%]
........................................................................ [ 82%]
........................................................................ [ 83%]
........................................................................ [ 84%]
........................................................................ [ 84%]
........................................................................ [ 85%]
........................................................................ [ 85%]
........................................................................ [ 86%]
........................................................................ [ 87%]
........................................................................ [ 87%]
........................................................................ [ 88%]
........................................................................ [ 88%]
........................................................................ [ 89%]
........................................................................ [ 90%]
........................................................................ [ 90%]
........................................................................ [ 91%]
........................................................................ [ 91%]
........................................................................ [ 92%]
........................................................................ [ 93%]
........................................................................ [ 93%]
........................................................................ [ 94%]
........................................................................ [ 94%]
........................................................................ [ 95%]
........................................................................ [ 96%]
........................................................................ [ 96%]
........................................................................ [ 97%]
........................................................................ [ 97%]
........................................................................ [ 98%]
........................................................................ [ 99%]
........................................................................ [ 99%]
...............................................                          [100%]
=============================== warnings summary ===============================
tests/test_shipped_backends.py::test_real_resemblyzer_returns_a_unit_vector_at_both_lengths
  $HOME/yazses/.venv/lib/python3.12/site-packages/resemblyzer/audio.py:1: DeprecationWarning: Please import `binary_dilation` from the `scipy.ndimage` namespace; the `scipy.ndimage.morphology` namespace is deprecated and will be removed in SciPy 2.0.0.
    from scipy.ndimage.morphology import binary_dilation

tests/test_shipped_backends.py::test_real_resemblyzer_returns_a_unit_vector_at_both_lengths
  $HOME/yazses/.venv/lib/python3.12/site-packages/webrtcvad.py:1: UserWarning: pkg_resources is deprecated as an API. See https://setuptools.pypa.io/en/latest/pkg_resources.html. The pkg_resources package is slated for removal as early as 2025-11-30. Refrain from using this package or pin to Setuptools<81.
    import pkg_resources

tests/test_voiceprint.py::test_factory_degrades_to_none_when_backend_unavailable
  <frozen importlib._bootstrap>:488: DeprecationWarning: builtin type SwigPyPacked has no __module__ attribute

tests/test_voiceprint.py::test_factory_degrades_to_none_when_backend_unavailable
  <frozen importlib._bootstrap>:488: DeprecationWarning: builtin type SwigPyObject has no __module__ attribute

-- Docs: https://docs.pytest.org/en/stable/how-to/capture-warnings.html
=========================== short test summary info ============================
SKIPPED [1] tests/test_brand_colours_are_one_source.py:80: the brand has not changed, so there is no stale value to find
SKIPPED [3] tests/test_compute_type_is_not_a_missing_model.py:75: tiny.en is not cached; refusing to download inside the test suite
SKIPPED [18] tests/test_config_enums_are_complete.py:189: consumer not yet read; tracked by test_the_backlog_only_shrinks
SKIPPED [1] tests/test_macos_input_monitoring_on_hardware.py:38: exercises the real macOS IOKit binding
SKIPPED [1] tests/test_macos_input_monitoring_on_hardware.py:48: exercises the real macOS IOKit binding
SKIPPED [1] tests/test_macos_input_monitoring_on_hardware.py:61: exercises the real macOS IOKit binding
SKIPPED [1] tests/test_macos_input_monitoring_on_hardware.py:71: exercises the real macOS IOKit binding
SKIPPED [1] tests/test_macos_input_monitoring_on_hardware.py:89: exercises the real macOS IOKit binding
SKIPPED [1] tests/test_macos_input_monitoring_on_hardware.py:100: exercises the real macOS IOKit binding
SKIPPED [1] tests/test_macos_input_monitoring_on_hardware.py:121: exercises the real macOS IOKit binding
SKIPPED [1] tests/test_overlay_motion.py:430: needs a real AppKit
12041 passed, 30 skipped, 4 warnings in 92.03s (0:01:32)
sys:1: DeprecationWarning: builtin type swigvarlink has no __module__ attribute
FINAL_EXIT=0
