+ export PATH=$HOME/.local/bin:/usr/local/sbin:/usr/local/bin:/usr/sbin:/usr/bin:/sbin:/bin:/usr/games:/usr/local/games:/snap/bin
+ PATH=$HOME/.local/bin:/usr/local/sbin:/usr/local/bin:/usr/sbin:/usr/bin:/sbin:/bin:/usr/games:/usr/local/games:/snap/bin
+ export QT_QPA_PLATFORM=offscreen
+ QT_QPA_PLATFORM=offscreen
+ cd $HOME/yazses
+ uname -m
x86_64
+ tail -30
+ uv sync --all-extras
 + soundfile==0.14.0
 + soxr==1.1.0
 + speechbrain==1.1.0
 + sqlalchemy==2.0.52
 + sse-starlette==3.4.5
 + starlette==1.3.1
 + sympy==1.14.0
 + termcolor==3.3.0
 + threadpoolctl==3.6.0
 + tokenizers==0.23.1
 + torch==2.13.0
 + torch-audiomentations==0.12.0
 + torch-pitch-shift==1.2.5
 + torchaudio==2.11.0
 + torchcodec==0.16.0
 + torchmetrics==1.9.0
 + tqdm==4.68.4
 + triton==3.7.1
 + truststore==0.10.4
 + typer==0.27.1
 + typing==3.10.0.0
 + typing-extensions==4.16.0
 + typing-inspection==0.4.2
 + uritemplate==4.2.0
 + urllib3==2.7.0
 + useful-moonshine-onnx==20251121
 + uvicorn==0.51.0
 + webrtcvad==2.0.10
 + yarl==1.24.5
 + yazses==2.29.0 (from file://$HOME/yazses)
+ echo '=== ALL_EXTRAS_SYNC_EXIT 0 ==='
=== ALL_EXTRAS_SYNC_EXIT 0 ===
+ uv pip list
+ wc -l
220
+ du -sh .venv
6.9G	.venv
