[gc] abjxc: 1 labels (true 1)
[gc] afjiv: 5 labels (true 5)
[gc] ahnss: 13 labels (true 4)
[gc] aisvi: 12 labels (true 8)
[gc] akthc: 3 labels (true 2)
[gc] ampme: 3 labels (true 3)
[gc] bdopb: 16 labels (true 7)
[gc] cjfer: 22 labels (true 15)
[gc] czlvt: 21 labels (true 11)
[gc] edixl: 8 labels (true 6)
[gc] epdpg: 12 labels (true 12)
[gc] fkvvo: 12 labels (true 9)
[gc] hgdez: 26 labels (true 10)
[gc] kdfqk: 34 labels (true 20)
[gc] vmaiq: 20 labels (true 17)
GUARD_CORPUS_DONE
[gc] EN2002a: 8 labels (true 4)
[gc] EN2002b: 6 labels (true 4)
[gc] EN2002c: 8 labels (true 3)
[gc] EN2002d: 7 labels (true 4)
[gc] ES2004a: 2 labels (true 4)
[gc] ES2004b: 3 labels (true 4)
[gc] ES2004c: 4 labels (true 4)
[gc] ES2004d: 6 labels (true 4)
[gc] IS1009a: 4 labels (true 4)
[gc] IS1009b: 8 labels (true 4)
[gc] IS1009c: 6 labels (true 4)
[gc] IS1009d: 6 labels (true 4)
[gc] TS3003a: 5 labels (true 4)
[gc] TS3003b: 7 labels (true 4)
[gc] TS3003c: 7 labels (true 4)
[gc] TS3003d: 9 labels (true 4)
GUARD_CORPUS_DONE
