........................................................................ [  0%]
........................................................................ [  1%]
........................................................................ [  1%]
........................................................................ [  2%]
........................................................................ [  2%]
........................................................................ [  3%]
........................................................................ [  4%]
........................................................................ [  4%]
........................................................................ [  5%]
........................................................................ [  5%]
........................................................................ [  6%]
........................................................................ [  7%]
........................................................................ [  7%]
........................................................................ [  8%]
........................................................................ [  8%]
........................................................................ [  9%]
........................................................................ [ 10%]
........................................................................ [ 10%]
........................................................................ [ 11%]
........................................................................ [ 11%]
........................................................................ [ 12%]
........................................................................ [ 13%]
........................................................................ [ 13%]
........................................................................ [ 14%]
........................................................................ [ 14%]
....F................................................................... [ 15%]
.......................................s................................ [ 16%]
........................................................................ [ 16%]
........................................................................ [ 17%]
........................................................................ [ 17%]
........................................................................ [ 18%]
........................................................................ [ 19%]
........................................................................ [ 19%]
........................................................................ [ 20%]
........................................................................ [ 20%]
........................................................................ [ 21%]
........................................................................ [ 22%]
...................................................sss.................. [ 22%]
...................sssss.ss.s.sssss.sssss............................... [ 23%]
........................................................................ [ 23%]
........................................................................ [ 24%]
........................................................................ [ 25%]
........................................................................ [ 25%]
........................................................................ [ 26%]
........................................................................ [ 26%]
........................................................................ [ 27%]
........................................................................ [ 28%]
........................................................................ [ 28%]
........................................................................ [ 29%]
........................................................................ [ 29%]
........................................................................ [ 30%]
........................................................................ [ 31%]
........................................................................ [ 31%]
........................................................................ [ 32%]
........................................................................ [ 32%]
........................................................................ [ 33%]
........................................................................ [ 33%]
........................................................................ [ 34%]
........................................................................ [ 35%]
........................................................................ [ 35%]
........................................................................ [ 36%]
........................................................................ [ 36%]
........................................................................ [ 37%]
........................................................................ [ 38%]
........................................................................ [ 38%]
........................................................................ [ 39%]
........................................................................ [ 39%]
........................................................................ [ 40%]
........................................................................ [ 41%]
........................................................................ [ 41%]
........................................................................ [ 42%]
........................................................................ [ 42%]
........................................................................ [ 43%]
........................................................................ [ 44%]
........................................................................ [ 44%]
........................................................................ [ 45%]
........................................................................ [ 45%]
........................................................................ [ 46%]
........................................................................ [ 47%]
........................................................................ [ 47%]
........................................................................ [ 48%]
........................................................................ [ 48%]
........................................................................ [ 49%]
........................................................................ [ 50%]
........................................................................ [ 50%]
........................................................................ [ 51%]
........................................................................ [ 51%]
...................................................................sssss [ 52%]
ss...................................................................... [ 53%]
........................................................................ [ 53%]
........................................................................ [ 54%]
........................................................................ [ 54%]
........................................................................ [ 55%]
........................................................................ [ 56%]
........................................................................ [ 56%]
........................................................................ [ 57%]
.......................................................s................ [ 57%]
........................................................................ [ 58%]
........................................................................ [ 59%]
........................................................................ [ 59%]
........................................................................ [ 60%]
........................................................................ [ 60%]
........................................................................ [ 61%]
........................................................................ [ 62%]
........................................................................ [ 62%]
........................................................................ [ 63%]
........................................................................ [ 63%]
........................................................................ [ 64%]
........................................................................ [ 65%]
........................................................................ [ 65%]
........................................................................ [ 66%]
........................................................................ [ 66%]
........................................................................ [ 67%]
........................................................................ [ 67%]
........................................................................ [ 68%]
........................................................................ [ 69%]
........................................................................ [ 69%]
........................................................................ [ 70%]
........................................................................ [ 70%]
........................................................................ [ 71%]
........................................................................ [ 72%]
........................................................................ [ 72%]
........................................................................ [ 73%]
........................................................................ [ 73%]
........................................................................ [ 74%]
........................................................................ [ 75%]
........................................................................ [ 75%]
........................................................................ [ 76%]
........................................................................ [ 76%]
........................................................................ [ 77%]
........................................................................ [ 78%]
........................................................................ [ 78%]
........................................................................ [ 79%]
........................................................................ [ 79%]
........................................................................ [ 80%]
........................................................................ [ 81%]
........................................................................ [ 81%]
........................................................................ [ 82%]
........................................................................ [ 82%]
.................................................F...................... [ 83%]
........................................................................ [ 84%]
........................................................................ [ 84%]
........................................................................ [ 85%]
........................................................................ [ 85%]
........................................................................ [ 86%]
........................................................................ [ 87%]
........................................................................ [ 87%]
........................................................................ [ 88%]
........................................................................ [ 88%]
........................................................................ [ 89%]
........................................................................ [ 90%]
........................................................................ [ 90%]
........................................................................ [ 91%]
........................................................................ [ 91%]
........................................................................ [ 92%]
........................................................................ [ 93%]
........................................................................ [ 93%]
........................................................................ [ 94%]
........................................................................ [ 94%]
........................................................................ [ 95%]
........................................................................ [ 96%]
........................................................................ [ 96%]
........................................................................ [ 97%]
........................................................................ [ 97%]
........................................................................ [ 98%]
.......................F................................................ [ 99%]
........................................................................ [ 99%]
...............................................                          [100%]
=================================== FAILURES ===================================
__ test_voiceprint_resemblyzer_advises_its_own_extra_not_the_neighbouring_one __

caplog = <_pytest.logging.LogCaptureFixture object at 0x7a3e86fa9f10>
absent_dependency = <function absent_dependency.<locals>.make_absent at 0x7a3e86ff36a0>

    def test_voiceprint_resemblyzer_advises_its_own_extra_not_the_neighbouring_one(
        caplog, absent_dependency
    ):
        """The adapter ships now (#70), so the honest answer changed from "never" to "not yet".
    
        What must not change is the extra it names: `voiceprint` is speechbrain/ECAPA
        and cannot supply Resemblyzer, so advising it would still send the user after
        a package that cannot help. The backend degrades to dormant either way.
        """
        from yazses.config import VoiceprintConfig
        from yazses.voiceprint.factory import build_embedder
    
        absent_dependency("resemblyzer")
        cfg = replace(VoiceprintConfig(), enabled=True, backend="resemblyzer")
        with caplog.at_level(logging.WARNING):
>           assert build_embedder(cfg) is None            # still degrades to dormant
            ^^^^^^^^^^^^^^^^^^^^^^^^^^^^^^^^^^
E           AssertionError: assert <yazses.voiceprint.resemblyzer_backend.ResemblyzerEmbedder object at 0x7a3e86fa9e50> is None
E            +  where <yazses.voiceprint.resemblyzer_backend.ResemblyzerEmbedder object at 0x7a3e86fa9e50> = <function build_embedder at 0x7a3e884a7380>(VoiceprintConfig(enabled=True, backend='resemblyzer', enroll_seconds=25.0, multi_profile=False, profile_min_similarity=0.5))

tests/test_backend_availability.py:189: AssertionError
__________________ test_committed_sbom_matches_the_lock_file ___________________

    def test_committed_sbom_matches_the_lock_file() -> None:
        """If uv.lock moved and the SBOM did not, this fails -- which is the whole point."""
        gen = _load_generator()
        expected = gen.render(
            gen.build_sbom((REPO_ROOT / "uv.lock").read_text(encoding="utf-8"), gen._project_version())
        )
>       assert SBOM.read_text(encoding="utf-8") == expected, (
            "sbom.cdx.json is out of date — run `python scripts/gen-sbom.py`"
        )
E       AssertionError: sbom.cdx.json is out of date — run `python scripts/gen-sbom.py`
E       assert '{\n  "bomFor...  }\n  ]\n}\n' == '{\n  "bomFor...  }\n  ]\n}\n'
E         
E         Skipping 74765 identical leading characters in diff, use -v to show
E         - rsion": "80.10.2",
E         ?             - --
E         + rsion": "83.0.0",
E         ?           ++
E         -       "purl": "pkg:pypi/setuptools@80.10.2",...
E         
E         ...Full output truncated (722 lines hidden), use '-vv' to show

tests/test_sbom.py:40: AssertionError
_________ test_a_genuinely_absent_dependency_still_names_its_own_extra _________

monkeypatch = <_pytest.monkeypatch.MonkeyPatch object at 0x7a3d5afe9460>
caplog = <_pytest.logging.LogCaptureFixture object at 0x7a3d5afe8140>

    def test_a_genuinely_absent_dependency_still_names_its_own_extra(monkeypatch, caplog):
        """The regression above must not cost the case that already worked.
    
        When the dependency really is missing, the probe knows the remedy and naming it
        is far more useful than the bare ImportError -- and it must name
        `voiceprint-resemblyzer`, never the neighbouring `voiceprint` extra, which is
        speechbrain and cannot supply Resemblyzer.
        """
        import importlib.util
    
        real = importlib.util.find_spec
    
        def fake(name, *args, **kwargs):
            if name == "resemblyzer":
                return None
            return real(name, *args, **kwargs)
    
        monkeypatch.setattr(importlib.util, "find_spec", fake)
    
        from yazses.voiceprint.factory import build_embedder
    
        cfg = replace(VoiceprintConfig(), enabled=True, backend="resemblyzer")
        with caplog.at_level(logging.WARNING):
>           assert build_embedder(cfg) is None
E           AssertionError: assert <yazses.voiceprint.resemblyzer_backend.ResemblyzerEmbedder object at 0x7a3d5afe94f0> is None
E            +  where <yazses.voiceprint.resemblyzer_backend.ResemblyzerEmbedder object at 0x7a3d5afe94f0> = <function build_embedder at 0x7a3e884a7380>(VoiceprintConfig(enabled=True, backend='resemblyzer', enroll_seconds=25.0, multi_profile=False, profile_min_similarity=0.5))

tests/test_voiceprint_message_is_not_self_contradictory.py:123: AssertionError
=============================== warnings summary ===============================
tests/test_backend_availability.py::test_voiceprint_resemblyzer_advises_its_own_extra_not_the_neighbouring_one
  $HOME/yazses/.venv/lib/python3.12/site-packages/resemblyzer/audio.py:1: DeprecationWarning: Please import `binary_dilation` from the `scipy.ndimage` namespace; the `scipy.ndimage.morphology` namespace is deprecated and will be removed in SciPy 2.0.0.
    from scipy.ndimage.morphology import binary_dilation

tests/test_backend_availability.py::test_voiceprint_resemblyzer_advises_its_own_extra_not_the_neighbouring_one
  $HOME/yazses/.venv/lib/python3.12/site-packages/webrtcvad.py:1: UserWarning: pkg_resources is deprecated as an API. See https://setuptools.pypa.io/en/latest/pkg_resources.html. The pkg_resources package is slated for removal as early as 2025-11-30. Refrain from using this package or pin to Setuptools<81.
    import pkg_resources

tests/test_voiceprint.py::test_factory_degrades_to_none_when_backend_unavailable
  <frozen importlib._bootstrap>:488: DeprecationWarning: builtin type SwigPyPacked has no __module__ attribute

tests/test_voiceprint.py::test_factory_degrades_to_none_when_backend_unavailable
  <frozen importlib._bootstrap>:488: DeprecationWarning: builtin type SwigPyObject has no __module__ attribute

-- Docs: https://docs.pytest.org/en/stable/how-to/capture-warnings.html
=========================== short test summary info ============================
SKIPPED [1] tests/test_brand_colours_are_one_source.py:80: the brand has not changed, so there is no stale value to find
SKIPPED [3] tests/test_compute_type_is_not_a_missing_model.py:75: tiny.en is not cached; refusing to download inside the test suite
SKIPPED [18] tests/test_config_enums_are_complete.py:189: consumer not yet read; tracked by test_the_backlog_only_shrinks
SKIPPED [1] tests/test_macos_input_monitoring_on_hardware.py:38: exercises the real macOS IOKit binding
SKIPPED [1] tests/test_macos_input_monitoring_on_hardware.py:48: exercises the real macOS IOKit binding
SKIPPED [1] tests/test_macos_input_monitoring_on_hardware.py:61: exercises the real macOS IOKit binding
SKIPPED [1] tests/test_macos_input_monitoring_on_hardware.py:71: exercises the real macOS IOKit binding
SKIPPED [1] tests/test_macos_input_monitoring_on_hardware.py:89: exercises the real macOS IOKit binding
SKIPPED [1] tests/test_macos_input_monitoring_on_hardware.py:100: exercises the real macOS IOKit binding
SKIPPED [1] tests/test_macos_input_monitoring_on_hardware.py:121: exercises the real macOS IOKit binding
SKIPPED [1] tests/test_overlay_motion.py:430: needs a real AppKit
3 failed, 12038 passed, 30 skipped, 4 warnings in 116.20s (0:01:56)
sys:1: DeprecationWarning: builtin type swigvarlink has no __module__ attribute
REVERIFY_EXIT=1
